// Jest Snapshot v1, https://goo.gl/fbAQLP

exports[`<Auth /> Should match snapshot 1`] = `
<div
  className="auth"
>
  <div />
  <div />
  <div>
    /cheburek
  </div>
  <div>
    kek
  </div>
  <Link
    to="/profile"
  >
    To profile
  </Link>
  <Button>
    Cheburek
  </Button>
</div>
`;
